ARM GAS  C:\Users\rolf\AppData\Local\Temp\ccRxkYfc.s 			page 1


   1              		.syntax unified
   2              		.cpu cortex-m0
   3              		.fpu softvfp
   4              		.eabi_attribute 20, 1
   5              		.eabi_attribute 21, 1
   6              		.eabi_attribute 23, 3
   7              		.eabi_attribute 24, 1
   8              		.eabi_attribute 25, 1
   9              		.eabi_attribute 26, 1
  10              		.eabi_attribute 30, 1
  11              		.eabi_attribute 34, 0
  12              		.eabi_attribute 18, 4
  13              		.thumb
  14              		.syntax unified
  15              		.file	"SPIS_HOST_INT.c"
  16              		.text
  17              	.Ltext0:
  18              		.cfi_sections	.debug_frame
  19              		.section	.text.SPIS_HOST_TX_ISR,"ax",%progbits
  20              		.align	2
  21              		.global	SPIS_HOST_TX_ISR
  22              		.code	16
  23              		.thumb_func
  24              		.type	SPIS_HOST_TX_ISR, %function
  25              	SPIS_HOST_TX_ISR:
  26              	.LFB1:
  27              		.file 1 "Generated_Source\\PSoC4\\SPIS_HOST_INT.c"
   1:Generated_Source\PSoC4/SPIS_HOST_INT.c **** /*******************************************************************************
   2:Generated_Source\PSoC4/SPIS_HOST_INT.c **** * File Name: SPIS_HOST_INT.c
   3:Generated_Source\PSoC4/SPIS_HOST_INT.c **** * Version 2.70
   4:Generated_Source\PSoC4/SPIS_HOST_INT.c **** *
   5:Generated_Source\PSoC4/SPIS_HOST_INT.c **** * Description:
   6:Generated_Source\PSoC4/SPIS_HOST_INT.c **** *  This file provides all Interrupt Service Routine (ISR) for the SPI Slave
   7:Generated_Source\PSoC4/SPIS_HOST_INT.c **** *  component.
   8:Generated_Source\PSoC4/SPIS_HOST_INT.c **** *
   9:Generated_Source\PSoC4/SPIS_HOST_INT.c **** * Note:
  10:Generated_Source\PSoC4/SPIS_HOST_INT.c **** *  None.
  11:Generated_Source\PSoC4/SPIS_HOST_INT.c **** *
  12:Generated_Source\PSoC4/SPIS_HOST_INT.c **** ********************************************************************************
  13:Generated_Source\PSoC4/SPIS_HOST_INT.c **** * Copyright 2008-2015, Cypress Semiconductor Corporation.  All rights reserved.
  14:Generated_Source\PSoC4/SPIS_HOST_INT.c **** * You may use this file only in accordance with the license, terms, conditions,
  15:Generated_Source\PSoC4/SPIS_HOST_INT.c **** * disclaimers, and limitations in the end user license agreement accompanying
  16:Generated_Source\PSoC4/SPIS_HOST_INT.c **** * the software package with which this file was provided.
  17:Generated_Source\PSoC4/SPIS_HOST_INT.c **** *******************************************************************************/
  18:Generated_Source\PSoC4/SPIS_HOST_INT.c **** 
  19:Generated_Source\PSoC4/SPIS_HOST_INT.c **** #include "SPIS_HOST_PVT.h"
  20:Generated_Source\PSoC4/SPIS_HOST_INT.c **** #include "cyapicallbacks.h"
  21:Generated_Source\PSoC4/SPIS_HOST_INT.c **** 
  22:Generated_Source\PSoC4/SPIS_HOST_INT.c **** /* User code required at start of ISR */
  23:Generated_Source\PSoC4/SPIS_HOST_INT.c **** /* `#START SPIS_HOST_ISR_START_DEF` */
  24:Generated_Source\PSoC4/SPIS_HOST_INT.c **** 
  25:Generated_Source\PSoC4/SPIS_HOST_INT.c **** /* `#END` */
  26:Generated_Source\PSoC4/SPIS_HOST_INT.c **** 
  27:Generated_Source\PSoC4/SPIS_HOST_INT.c **** 
  28:Generated_Source\PSoC4/SPIS_HOST_INT.c **** /*******************************************************************************
  29:Generated_Source\PSoC4/SPIS_HOST_INT.c **** * Function Name: SPIS_HOST_TX_ISR
  30:Generated_Source\PSoC4/SPIS_HOST_INT.c **** *
ARM GAS  C:\Users\rolf\AppData\Local\Temp\ccRxkYfc.s 			page 2


  31:Generated_Source\PSoC4/SPIS_HOST_INT.c **** * Summary:
  32:Generated_Source\PSoC4/SPIS_HOST_INT.c **** *  Interrupt Service Routine for TX portion of the SPI Slave.
  33:Generated_Source\PSoC4/SPIS_HOST_INT.c **** *
  34:Generated_Source\PSoC4/SPIS_HOST_INT.c **** * Parameters:
  35:Generated_Source\PSoC4/SPIS_HOST_INT.c **** *  None.
  36:Generated_Source\PSoC4/SPIS_HOST_INT.c **** *
  37:Generated_Source\PSoC4/SPIS_HOST_INT.c **** * Return:
  38:Generated_Source\PSoC4/SPIS_HOST_INT.c **** *  None.
  39:Generated_Source\PSoC4/SPIS_HOST_INT.c **** *
  40:Generated_Source\PSoC4/SPIS_HOST_INT.c **** * Global variables:
  41:Generated_Source\PSoC4/SPIS_HOST_INT.c **** *  SPIS_HOST_txBufferWrite - used for the account of the bytes which
  42:Generated_Source\PSoC4/SPIS_HOST_INT.c **** *  have been written down in the TX software buffer.
  43:Generated_Source\PSoC4/SPIS_HOST_INT.c **** *  SPIS_HOST_txBufferRead - used for the account of the bytes which
  44:Generated_Source\PSoC4/SPIS_HOST_INT.c **** *  have been read from the TX software buffer, modified when exist data to
  45:Generated_Source\PSoC4/SPIS_HOST_INT.c **** *  sending and FIFO Not Full.
  46:Generated_Source\PSoC4/SPIS_HOST_INT.c **** *  SPIS_HOST_txBuffer[SPIS_HOST_TX_BUFFER_SIZE] - used to store
  47:Generated_Source\PSoC4/SPIS_HOST_INT.c **** *  data to sending.
  48:Generated_Source\PSoC4/SPIS_HOST_INT.c **** *  All described above Global variables are used when Software Buffer is used.
  49:Generated_Source\PSoC4/SPIS_HOST_INT.c **** *
  50:Generated_Source\PSoC4/SPIS_HOST_INT.c **** *******************************************************************************/
  51:Generated_Source\PSoC4/SPIS_HOST_INT.c **** CY_ISR(SPIS_HOST_TX_ISR)
  52:Generated_Source\PSoC4/SPIS_HOST_INT.c **** {
  28              		.loc 1 52 0
  29              		.cfi_startproc
  30              		@ args = 0, pretend = 0, frame = 0
  31              		@ frame_needed = 0, uses_anonymous_args = 0
  32              		@ link register save eliminated.
  53:Generated_Source\PSoC4/SPIS_HOST_INT.c **** 
  54:Generated_Source\PSoC4/SPIS_HOST_INT.c ****     #if(SPIS_HOST_TX_SOFTWARE_BUF_ENABLED)
  55:Generated_Source\PSoC4/SPIS_HOST_INT.c ****         uint8 tmpStatus;
  56:Generated_Source\PSoC4/SPIS_HOST_INT.c ****     #endif /* (SPIS_HOST_TX_SOFTWARE_BUF_ENABLED) */
  57:Generated_Source\PSoC4/SPIS_HOST_INT.c **** 
  58:Generated_Source\PSoC4/SPIS_HOST_INT.c ****     #ifdef SPIS_HOST_TX_ISR_ENTRY_CALLBACK
  59:Generated_Source\PSoC4/SPIS_HOST_INT.c ****         SPIS_HOST_TX_ISR_EntryCallback();
  60:Generated_Source\PSoC4/SPIS_HOST_INT.c ****     #endif /* SPIS_HOST_TX_ISR_ENTRY_CALLBACK */
  61:Generated_Source\PSoC4/SPIS_HOST_INT.c **** 
  62:Generated_Source\PSoC4/SPIS_HOST_INT.c ****     /* User code required at start of ISR */
  63:Generated_Source\PSoC4/SPIS_HOST_INT.c ****     /* `#START SPIS_HOST_ISR_TX_START` */
  64:Generated_Source\PSoC4/SPIS_HOST_INT.c **** 
  65:Generated_Source\PSoC4/SPIS_HOST_INT.c ****     /* `#END` */
  66:Generated_Source\PSoC4/SPIS_HOST_INT.c **** 
  67:Generated_Source\PSoC4/SPIS_HOST_INT.c ****     #if(SPIS_HOST_TX_SOFTWARE_BUF_ENABLED)
  68:Generated_Source\PSoC4/SPIS_HOST_INT.c ****         /* Component interrupt service code */
  69:Generated_Source\PSoC4/SPIS_HOST_INT.c **** 
  70:Generated_Source\PSoC4/SPIS_HOST_INT.c ****         /* See if TX data buffer is not empty and there is space in TX FIFO */
  71:Generated_Source\PSoC4/SPIS_HOST_INT.c ****         while(SPIS_HOST_txBufferRead != SPIS_HOST_txBufferWrite)
  72:Generated_Source\PSoC4/SPIS_HOST_INT.c ****         {
  73:Generated_Source\PSoC4/SPIS_HOST_INT.c ****             tmpStatus = SPIS_HOST_GET_STATUS_TX(SPIS_HOST_swStatusTx);
  74:Generated_Source\PSoC4/SPIS_HOST_INT.c ****             SPIS_HOST_swStatusTx = tmpStatus;
  75:Generated_Source\PSoC4/SPIS_HOST_INT.c **** 
  76:Generated_Source\PSoC4/SPIS_HOST_INT.c ****             if ((SPIS_HOST_swStatusTx & SPIS_HOST_STS_TX_FIFO_NOT_FULL) != 0u)
  77:Generated_Source\PSoC4/SPIS_HOST_INT.c ****             {
  78:Generated_Source\PSoC4/SPIS_HOST_INT.c ****                 if(SPIS_HOST_txBufferFull == 0u)
  79:Generated_Source\PSoC4/SPIS_HOST_INT.c ****                 {
  80:Generated_Source\PSoC4/SPIS_HOST_INT.c ****                    SPIS_HOST_txBufferRead++;
  81:Generated_Source\PSoC4/SPIS_HOST_INT.c **** 
  82:Generated_Source\PSoC4/SPIS_HOST_INT.c ****                     if(SPIS_HOST_txBufferRead >= SPIS_HOST_TX_BUFFER_SIZE)
ARM GAS  C:\Users\rolf\AppData\Local\Temp\ccRxkYfc.s 			page 3


  83:Generated_Source\PSoC4/SPIS_HOST_INT.c ****                     {
  84:Generated_Source\PSoC4/SPIS_HOST_INT.c ****                         SPIS_HOST_txBufferRead = 0u;
  85:Generated_Source\PSoC4/SPIS_HOST_INT.c ****                     }
  86:Generated_Source\PSoC4/SPIS_HOST_INT.c ****                 }
  87:Generated_Source\PSoC4/SPIS_HOST_INT.c ****                 else
  88:Generated_Source\PSoC4/SPIS_HOST_INT.c ****                 {
  89:Generated_Source\PSoC4/SPIS_HOST_INT.c ****                     SPIS_HOST_txBufferFull = 0u;
  90:Generated_Source\PSoC4/SPIS_HOST_INT.c ****                 }
  91:Generated_Source\PSoC4/SPIS_HOST_INT.c **** 
  92:Generated_Source\PSoC4/SPIS_HOST_INT.c ****                 /* Put data element into the TX FIFO */
  93:Generated_Source\PSoC4/SPIS_HOST_INT.c ****                 CY_SET_REG8(SPIS_HOST_TXDATA_PTR, 
  94:Generated_Source\PSoC4/SPIS_HOST_INT.c ****                                              SPIS_HOST_txBuffer[SPIS_HOST_txBufferRead]);
  95:Generated_Source\PSoC4/SPIS_HOST_INT.c ****             }
  96:Generated_Source\PSoC4/SPIS_HOST_INT.c ****             else
  97:Generated_Source\PSoC4/SPIS_HOST_INT.c ****             {
  98:Generated_Source\PSoC4/SPIS_HOST_INT.c ****                 break;
  99:Generated_Source\PSoC4/SPIS_HOST_INT.c ****             }
 100:Generated_Source\PSoC4/SPIS_HOST_INT.c ****         }
 101:Generated_Source\PSoC4/SPIS_HOST_INT.c **** 
 102:Generated_Source\PSoC4/SPIS_HOST_INT.c ****         /* If Buffer is empty then disable TX FIFO status interrupt until there is data in the buff
 103:Generated_Source\PSoC4/SPIS_HOST_INT.c ****         if(SPIS_HOST_txBufferRead == SPIS_HOST_txBufferWrite)
 104:Generated_Source\PSoC4/SPIS_HOST_INT.c ****         {
 105:Generated_Source\PSoC4/SPIS_HOST_INT.c ****             SPIS_HOST_TX_STATUS_MASK_REG &= ((uint8)~SPIS_HOST_STS_TX_FIFO_NOT_FULL);
 106:Generated_Source\PSoC4/SPIS_HOST_INT.c ****         }
 107:Generated_Source\PSoC4/SPIS_HOST_INT.c **** 
 108:Generated_Source\PSoC4/SPIS_HOST_INT.c ****     #endif /* SPIS_HOST_TX_SOFTWARE_BUF_ENABLED */
 109:Generated_Source\PSoC4/SPIS_HOST_INT.c **** 
 110:Generated_Source\PSoC4/SPIS_HOST_INT.c ****     /* User code required at end of ISR (Optional) */
 111:Generated_Source\PSoC4/SPIS_HOST_INT.c ****     /* `#START SPIS_HOST_ISR_TX_END` */
 112:Generated_Source\PSoC4/SPIS_HOST_INT.c **** 
 113:Generated_Source\PSoC4/SPIS_HOST_INT.c ****     /* `#END` */
 114:Generated_Source\PSoC4/SPIS_HOST_INT.c ****     
 115:Generated_Source\PSoC4/SPIS_HOST_INT.c ****     #ifdef SPIS_HOST_TX_ISR_EXIT_CALLBACK
 116:Generated_Source\PSoC4/SPIS_HOST_INT.c ****         SPIS_HOST_TX_ISR_ExitCallback();
 117:Generated_Source\PSoC4/SPIS_HOST_INT.c ****     #endif /* SPIS_HOST_TX_ISR_EXIT_CALLBACK */
 118:Generated_Source\PSoC4/SPIS_HOST_INT.c ****    }
  33              		.loc 1 118 0
  34              		@ sp needed
  35 0000 7047     		bx	lr
  36              		.cfi_endproc
  37              	.LFE1:
  38              		.size	SPIS_HOST_TX_ISR, .-SPIS_HOST_TX_ISR
  39 0002 C046     		.section	.text.SPIS_HOST_RX_ISR,"ax",%progbits
  40              		.align	2
  41              		.global	SPIS_HOST_RX_ISR
  42              		.code	16
  43              		.thumb_func
  44              		.type	SPIS_HOST_RX_ISR, %function
  45              	SPIS_HOST_RX_ISR:
  46              	.LFB2:
 119:Generated_Source\PSoC4/SPIS_HOST_INT.c **** 
 120:Generated_Source\PSoC4/SPIS_HOST_INT.c **** 
 121:Generated_Source\PSoC4/SPIS_HOST_INT.c **** /*******************************************************************************
 122:Generated_Source\PSoC4/SPIS_HOST_INT.c **** * Function Name: SPIS_HOST_RX_ISR
 123:Generated_Source\PSoC4/SPIS_HOST_INT.c **** *
 124:Generated_Source\PSoC4/SPIS_HOST_INT.c **** * Summary:
 125:Generated_Source\PSoC4/SPIS_HOST_INT.c **** *  Interrupt Service Routine for RX portion of the SPI Slave.
ARM GAS  C:\Users\rolf\AppData\Local\Temp\ccRxkYfc.s 			page 4


 126:Generated_Source\PSoC4/SPIS_HOST_INT.c **** *
 127:Generated_Source\PSoC4/SPIS_HOST_INT.c **** * Parameters:
 128:Generated_Source\PSoC4/SPIS_HOST_INT.c **** *  None.
 129:Generated_Source\PSoC4/SPIS_HOST_INT.c **** *
 130:Generated_Source\PSoC4/SPIS_HOST_INT.c **** * Return:
 131:Generated_Source\PSoC4/SPIS_HOST_INT.c **** *  None.
 132:Generated_Source\PSoC4/SPIS_HOST_INT.c **** *
 133:Generated_Source\PSoC4/SPIS_HOST_INT.c **** * Global variables:
 134:Generated_Source\PSoC4/SPIS_HOST_INT.c **** *  SPIS_HOST_rxBufferWrite - used for the account of the bytes which
 135:Generated_Source\PSoC4/SPIS_HOST_INT.c **** *  have been written down in the RX software buffer modified when FIFO contains
 136:Generated_Source\PSoC4/SPIS_HOST_INT.c **** *  new data.
 137:Generated_Source\PSoC4/SPIS_HOST_INT.c **** *  SPIS_HOST_rxBufferRead - used for the account of the bytes which
 138:Generated_Source\PSoC4/SPIS_HOST_INT.c **** *  have been read from the RX software buffer, modified when overflow occurred.
 139:Generated_Source\PSoC4/SPIS_HOST_INT.c **** *  SPIS_HOST_rxBuffer[SPIS_HOST_RX_BUFFER_SIZE] - used to store
 140:Generated_Source\PSoC4/SPIS_HOST_INT.c **** *  received data, modified when FIFO contains new data.
 141:Generated_Source\PSoC4/SPIS_HOST_INT.c **** *  All described above Global variables are used when Software Buffer is used.
 142:Generated_Source\PSoC4/SPIS_HOST_INT.c **** *
 143:Generated_Source\PSoC4/SPIS_HOST_INT.c **** *******************************************************************************/
 144:Generated_Source\PSoC4/SPIS_HOST_INT.c **** CY_ISR(SPIS_HOST_RX_ISR)
 145:Generated_Source\PSoC4/SPIS_HOST_INT.c **** {
  47              		.loc 1 145 0
  48              		.cfi_startproc
  49              		@ args = 0, pretend = 0, frame = 0
  50              		@ frame_needed = 0, uses_anonymous_args = 0
  51              		@ link register save eliminated.
 146:Generated_Source\PSoC4/SPIS_HOST_INT.c ****     #if(SPIS_HOST_RX_SOFTWARE_BUF_ENABLED)
 147:Generated_Source\PSoC4/SPIS_HOST_INT.c ****         uint8 tmpStatus;
 148:Generated_Source\PSoC4/SPIS_HOST_INT.c ****         uint8 rxData;
 149:Generated_Source\PSoC4/SPIS_HOST_INT.c ****     #endif /* (SPIS_HOST_TX_SOFTWARE_BUF_ENABLED) */
 150:Generated_Source\PSoC4/SPIS_HOST_INT.c **** 
 151:Generated_Source\PSoC4/SPIS_HOST_INT.c ****     #ifdef SPIS_HOST_RX_ISR_ENTRY_CALLBACK
 152:Generated_Source\PSoC4/SPIS_HOST_INT.c ****         SPIS_HOST_RX_ISR_EntryCallback();
 153:Generated_Source\PSoC4/SPIS_HOST_INT.c ****     #endif /* SPIS_HOST_RX_ISR_ENTRY_CALLBACK */
 154:Generated_Source\PSoC4/SPIS_HOST_INT.c **** 
 155:Generated_Source\PSoC4/SPIS_HOST_INT.c ****     /* User code required at start of ISR */
 156:Generated_Source\PSoC4/SPIS_HOST_INT.c ****     /* `#START SPIS_HOST_RX_ISR_START` */
 157:Generated_Source\PSoC4/SPIS_HOST_INT.c **** 
 158:Generated_Source\PSoC4/SPIS_HOST_INT.c ****     /* `#END` */
 159:Generated_Source\PSoC4/SPIS_HOST_INT.c ****     
 160:Generated_Source\PSoC4/SPIS_HOST_INT.c ****     #if(SPIS_HOST_RX_SOFTWARE_BUF_ENABLED)
 161:Generated_Source\PSoC4/SPIS_HOST_INT.c ****         tmpStatus = SPIS_HOST_GET_STATUS_RX(SPIS_HOST_swStatusRx);
 162:Generated_Source\PSoC4/SPIS_HOST_INT.c ****         SPIS_HOST_swStatusRx = tmpStatus;
 163:Generated_Source\PSoC4/SPIS_HOST_INT.c ****         /* See if RX data FIFO has some data and if it can be moved to the RX Buffer */
 164:Generated_Source\PSoC4/SPIS_HOST_INT.c ****         while((SPIS_HOST_swStatusRx & SPIS_HOST_STS_RX_FIFO_NOT_EMPTY) != 0u)
 165:Generated_Source\PSoC4/SPIS_HOST_INT.c ****         {
 166:Generated_Source\PSoC4/SPIS_HOST_INT.c ****             rxData = CY_GET_REG8(SPIS_HOST_RXDATA_PTR);
 167:Generated_Source\PSoC4/SPIS_HOST_INT.c **** 
 168:Generated_Source\PSoC4/SPIS_HOST_INT.c ****             /* Set next pointer. */
 169:Generated_Source\PSoC4/SPIS_HOST_INT.c ****             SPIS_HOST_rxBufferWrite++;
 170:Generated_Source\PSoC4/SPIS_HOST_INT.c ****             if(SPIS_HOST_rxBufferWrite >= SPIS_HOST_RX_BUFFER_SIZE)
 171:Generated_Source\PSoC4/SPIS_HOST_INT.c ****             {
 172:Generated_Source\PSoC4/SPIS_HOST_INT.c ****                 SPIS_HOST_rxBufferWrite = 0u;
 173:Generated_Source\PSoC4/SPIS_HOST_INT.c ****             }
 174:Generated_Source\PSoC4/SPIS_HOST_INT.c **** 
 175:Generated_Source\PSoC4/SPIS_HOST_INT.c ****             if(SPIS_HOST_rxBufferWrite == SPIS_HOST_rxBufferRead)
 176:Generated_Source\PSoC4/SPIS_HOST_INT.c ****             {
 177:Generated_Source\PSoC4/SPIS_HOST_INT.c ****                 SPIS_HOST_rxBufferRead++;
ARM GAS  C:\Users\rolf\AppData\Local\Temp\ccRxkYfc.s 			page 5


 178:Generated_Source\PSoC4/SPIS_HOST_INT.c ****                 if(SPIS_HOST_rxBufferRead >= SPIS_HOST_RX_BUFFER_SIZE)
 179:Generated_Source\PSoC4/SPIS_HOST_INT.c ****                 {
 180:Generated_Source\PSoC4/SPIS_HOST_INT.c ****                     SPIS_HOST_rxBufferRead = 0u;
 181:Generated_Source\PSoC4/SPIS_HOST_INT.c ****                 }
 182:Generated_Source\PSoC4/SPIS_HOST_INT.c ****                 SPIS_HOST_rxBufferFull = 1u;
 183:Generated_Source\PSoC4/SPIS_HOST_INT.c ****             }
 184:Generated_Source\PSoC4/SPIS_HOST_INT.c **** 
 185:Generated_Source\PSoC4/SPIS_HOST_INT.c ****             /* Move data from the FIFO to the Buffer */
 186:Generated_Source\PSoC4/SPIS_HOST_INT.c ****             SPIS_HOST_rxBuffer[SPIS_HOST_rxBufferWrite] = rxData;
 187:Generated_Source\PSoC4/SPIS_HOST_INT.c **** 
 188:Generated_Source\PSoC4/SPIS_HOST_INT.c ****             tmpStatus = SPIS_HOST_GET_STATUS_RX(SPIS_HOST_swStatusRx);
 189:Generated_Source\PSoC4/SPIS_HOST_INT.c ****             SPIS_HOST_swStatusRx = tmpStatus;
 190:Generated_Source\PSoC4/SPIS_HOST_INT.c ****         }
 191:Generated_Source\PSoC4/SPIS_HOST_INT.c ****     #endif /* SPIS_HOST_RX_SOFTWARE_BUF_ENABLED */
 192:Generated_Source\PSoC4/SPIS_HOST_INT.c **** 
 193:Generated_Source\PSoC4/SPIS_HOST_INT.c ****     /* User code required at end of ISR (Optional) */
 194:Generated_Source\PSoC4/SPIS_HOST_INT.c ****     /* `#START SPIS_HOST_RX_ISR_END` */
 195:Generated_Source\PSoC4/SPIS_HOST_INT.c **** 
 196:Generated_Source\PSoC4/SPIS_HOST_INT.c ****     /* `#END` */
 197:Generated_Source\PSoC4/SPIS_HOST_INT.c **** 
 198:Generated_Source\PSoC4/SPIS_HOST_INT.c ****     #ifdef SPIS_HOST_RX_ISR_EXIT_CALLBACK
 199:Generated_Source\PSoC4/SPIS_HOST_INT.c ****         SPIS_HOST_RX_ISR_ExitCallback();
 200:Generated_Source\PSoC4/SPIS_HOST_INT.c ****     #endif /* SPIS_HOST_RX_ISR_EXIT_CALLBACK */
 201:Generated_Source\PSoC4/SPIS_HOST_INT.c **** }
  52              		.loc 1 201 0
  53              		@ sp needed
  54 0000 7047     		bx	lr
  55              		.cfi_endproc
  56              	.LFE2:
  57              		.size	SPIS_HOST_RX_ISR, .-SPIS_HOST_RX_ISR
  58 0002 C046     		.text
  59              	.Letext0:
  60              		.section	.debug_info,"",%progbits
  61              	.Ldebug_info0:
  62 0000 AD000000 		.4byte	0xad
  63 0004 0400     		.2byte	0x4
  64 0006 00000000 		.4byte	.Ldebug_abbrev0
  65 000a 04       		.byte	0x4
  66 000b 01       		.uleb128 0x1
  67 000c 99000000 		.4byte	.LASF16
  68 0010 0C       		.byte	0xc
  69 0011 52010000 		.4byte	.LASF17
  70 0015 82010000 		.4byte	.LASF18
  71 0019 00000000 		.4byte	.Ldebug_ranges0+0
  72 001d 00000000 		.4byte	0
  73 0021 00000000 		.4byte	.Ldebug_line0
  74 0025 02       		.uleb128 0x2
  75 0026 01       		.byte	0x1
  76 0027 06       		.byte	0x6
  77 0028 3A010000 		.4byte	.LASF0
  78 002c 02       		.uleb128 0x2
  79 002d 01       		.byte	0x1
  80 002e 08       		.byte	0x8
  81 002f 4A000000 		.4byte	.LASF1
  82 0033 02       		.uleb128 0x2
  83 0034 02       		.byte	0x2
  84 0035 05       		.byte	0x5
ARM GAS  C:\Users\rolf\AppData\Local\Temp\ccRxkYfc.s 			page 6


  85 0036 66000000 		.4byte	.LASF2
  86 003a 02       		.uleb128 0x2
  87 003b 02       		.byte	0x2
  88 003c 07       		.byte	0x7
  89 003d 27010000 		.4byte	.LASF3
  90 0041 02       		.uleb128 0x2
  91 0042 04       		.byte	0x4
  92 0043 05       		.byte	0x5
  93 0044 5D000000 		.4byte	.LASF4
  94 0048 02       		.uleb128 0x2
  95 0049 04       		.byte	0x4
  96 004a 07       		.byte	0x7
  97 004b 1B000000 		.4byte	.LASF5
  98 004f 02       		.uleb128 0x2
  99 0050 08       		.byte	0x8
 100 0051 05       		.byte	0x5
 101 0052 00000000 		.4byte	.LASF6
 102 0056 02       		.uleb128 0x2
 103 0057 08       		.byte	0x8
 104 0058 07       		.byte	0x7
 105 0059 2D000000 		.4byte	.LASF7
 106 005d 03       		.uleb128 0x3
 107 005e 04       		.byte	0x4
 108 005f 05       		.byte	0x5
 109 0060 696E7400 		.ascii	"int\000"
 110 0064 02       		.uleb128 0x2
 111 0065 04       		.byte	0x4
 112 0066 07       		.byte	0x7
 113 0067 0E000000 		.4byte	.LASF8
 114 006b 02       		.uleb128 0x2
 115 006c 04       		.byte	0x4
 116 006d 04       		.byte	0x4
 117 006e 44000000 		.4byte	.LASF9
 118 0072 02       		.uleb128 0x2
 119 0073 08       		.byte	0x8
 120 0074 04       		.byte	0x4
 121 0075 70000000 		.4byte	.LASF10
 122 0079 02       		.uleb128 0x2
 123 007a 01       		.byte	0x1
 124 007b 08       		.byte	0x8
 125 007c 58000000 		.4byte	.LASF11
 126 0080 02       		.uleb128 0x2
 127 0081 08       		.byte	0x8
 128 0082 04       		.byte	0x4
 129 0083 46010000 		.4byte	.LASF12
 130 0087 02       		.uleb128 0x2
 131 0088 04       		.byte	0x4
 132 0089 07       		.byte	0x7
 133 008a 79010000 		.4byte	.LASF13
 134 008e 04       		.uleb128 0x4
 135 008f 88000000 		.4byte	.LASF14
 136 0093 01       		.byte	0x1
 137 0094 33       		.byte	0x33
 138 0095 00000000 		.4byte	.LFB1
 139 0099 02000000 		.4byte	.LFE1-.LFB1
 140 009d 01       		.uleb128 0x1
 141 009e 9C       		.byte	0x9c
ARM GAS  C:\Users\rolf\AppData\Local\Temp\ccRxkYfc.s 			page 7


 142 009f 04       		.uleb128 0x4
 143 00a0 77000000 		.4byte	.LASF15
 144 00a4 01       		.byte	0x1
 145 00a5 90       		.byte	0x90
 146 00a6 00000000 		.4byte	.LFB2
 147 00aa 02000000 		.4byte	.LFE2-.LFB2
 148 00ae 01       		.uleb128 0x1
 149 00af 9C       		.byte	0x9c
 150 00b0 00       		.byte	0
 151              		.section	.debug_abbrev,"",%progbits
 152              	.Ldebug_abbrev0:
 153 0000 01       		.uleb128 0x1
 154 0001 11       		.uleb128 0x11
 155 0002 01       		.byte	0x1
 156 0003 25       		.uleb128 0x25
 157 0004 0E       		.uleb128 0xe
 158 0005 13       		.uleb128 0x13
 159 0006 0B       		.uleb128 0xb
 160 0007 03       		.uleb128 0x3
 161 0008 0E       		.uleb128 0xe
 162 0009 1B       		.uleb128 0x1b
 163 000a 0E       		.uleb128 0xe
 164 000b 55       		.uleb128 0x55
 165 000c 17       		.uleb128 0x17
 166 000d 11       		.uleb128 0x11
 167 000e 01       		.uleb128 0x1
 168 000f 10       		.uleb128 0x10
 169 0010 17       		.uleb128 0x17
 170 0011 00       		.byte	0
 171 0012 00       		.byte	0
 172 0013 02       		.uleb128 0x2
 173 0014 24       		.uleb128 0x24
 174 0015 00       		.byte	0
 175 0016 0B       		.uleb128 0xb
 176 0017 0B       		.uleb128 0xb
 177 0018 3E       		.uleb128 0x3e
 178 0019 0B       		.uleb128 0xb
 179 001a 03       		.uleb128 0x3
 180 001b 0E       		.uleb128 0xe
 181 001c 00       		.byte	0
 182 001d 00       		.byte	0
 183 001e 03       		.uleb128 0x3
 184 001f 24       		.uleb128 0x24
 185 0020 00       		.byte	0
 186 0021 0B       		.uleb128 0xb
 187 0022 0B       		.uleb128 0xb
 188 0023 3E       		.uleb128 0x3e
 189 0024 0B       		.uleb128 0xb
 190 0025 03       		.uleb128 0x3
 191 0026 08       		.uleb128 0x8
 192 0027 00       		.byte	0
 193 0028 00       		.byte	0
 194 0029 04       		.uleb128 0x4
 195 002a 2E       		.uleb128 0x2e
 196 002b 00       		.byte	0
 197 002c 3F       		.uleb128 0x3f
 198 002d 19       		.uleb128 0x19
ARM GAS  C:\Users\rolf\AppData\Local\Temp\ccRxkYfc.s 			page 8


 199 002e 03       		.uleb128 0x3
 200 002f 0E       		.uleb128 0xe
 201 0030 3A       		.uleb128 0x3a
 202 0031 0B       		.uleb128 0xb
 203 0032 3B       		.uleb128 0x3b
 204 0033 0B       		.uleb128 0xb
 205 0034 27       		.uleb128 0x27
 206 0035 19       		.uleb128 0x19
 207 0036 11       		.uleb128 0x11
 208 0037 01       		.uleb128 0x1
 209 0038 12       		.uleb128 0x12
 210 0039 06       		.uleb128 0x6
 211 003a 40       		.uleb128 0x40
 212 003b 18       		.uleb128 0x18
 213 003c 9742     		.uleb128 0x2117
 214 003e 19       		.uleb128 0x19
 215 003f 00       		.byte	0
 216 0040 00       		.byte	0
 217 0041 00       		.byte	0
 218              		.section	.debug_aranges,"",%progbits
 219 0000 24000000 		.4byte	0x24
 220 0004 0200     		.2byte	0x2
 221 0006 00000000 		.4byte	.Ldebug_info0
 222 000a 04       		.byte	0x4
 223 000b 00       		.byte	0
 224 000c 0000     		.2byte	0
 225 000e 0000     		.2byte	0
 226 0010 00000000 		.4byte	.LFB1
 227 0014 02000000 		.4byte	.LFE1-.LFB1
 228 0018 00000000 		.4byte	.LFB2
 229 001c 02000000 		.4byte	.LFE2-.LFB2
 230 0020 00000000 		.4byte	0
 231 0024 00000000 		.4byte	0
 232              		.section	.debug_ranges,"",%progbits
 233              	.Ldebug_ranges0:
 234 0000 00000000 		.4byte	.LFB1
 235 0004 02000000 		.4byte	.LFE1
 236 0008 00000000 		.4byte	.LFB2
 237 000c 02000000 		.4byte	.LFE2
 238 0010 00000000 		.4byte	0
 239 0014 00000000 		.4byte	0
 240              		.section	.debug_line,"",%progbits
 241              	.Ldebug_line0:
 242 0000 69000000 		.section	.debug_str,"MS",%progbits,1
 242      02003D00 
 242      00000201 
 242      FB0E0D00 
 242      01010101 
 243              	.LASF6:
 244 0000 6C6F6E67 		.ascii	"long long int\000"
 244      206C6F6E 
 244      6720696E 
 244      7400
 245              	.LASF8:
 246 000e 756E7369 		.ascii	"unsigned int\000"
 246      676E6564 
 246      20696E74 
ARM GAS  C:\Users\rolf\AppData\Local\Temp\ccRxkYfc.s 			page 9


 246      00
 247              	.LASF5:
 248 001b 6C6F6E67 		.ascii	"long unsigned int\000"
 248      20756E73 
 248      69676E65 
 248      6420696E 
 248      7400
 249              	.LASF7:
 250 002d 6C6F6E67 		.ascii	"long long unsigned int\000"
 250      206C6F6E 
 250      6720756E 
 250      7369676E 
 250      65642069 
 251              	.LASF9:
 252 0044 666C6F61 		.ascii	"float\000"
 252      7400
 253              	.LASF1:
 254 004a 756E7369 		.ascii	"unsigned char\000"
 254      676E6564 
 254      20636861 
 254      7200
 255              	.LASF11:
 256 0058 63686172 		.ascii	"char\000"
 256      00
 257              	.LASF4:
 258 005d 6C6F6E67 		.ascii	"long int\000"
 258      20696E74 
 258      00
 259              	.LASF2:
 260 0066 73686F72 		.ascii	"short int\000"
 260      7420696E 
 260      7400
 261              	.LASF10:
 262 0070 646F7562 		.ascii	"double\000"
 262      6C6500
 263              	.LASF15:
 264 0077 53504953 		.ascii	"SPIS_HOST_RX_ISR\000"
 264      5F484F53 
 264      545F5258 
 264      5F495352 
 264      00
 265              	.LASF14:
 266 0088 53504953 		.ascii	"SPIS_HOST_TX_ISR\000"
 266      5F484F53 
 266      545F5458 
 266      5F495352 
 266      00
 267              	.LASF16:
 268 0099 474E5520 		.ascii	"GNU C11 5.4.1 20160609 (release) [ARM/embedded-5-br"
 268      43313120 
 268      352E342E 
 268      31203230 
 268      31363036 
 269 00cc 616E6368 		.ascii	"anch revision 237715] -mcpu=cortex-m0 -mthumb -g -O"
 269      20726576 
 269      6973696F 
 269      6E203233 
ARM GAS  C:\Users\rolf\AppData\Local\Temp\ccRxkYfc.s 			page 10


 269      37373135 
 270 00ff 67202D66 		.ascii	"g -ffunction-sections -ffat-lto-objects\000"
 270      66756E63 
 270      74696F6E 
 270      2D736563 
 270      74696F6E 
 271              	.LASF3:
 272 0127 73686F72 		.ascii	"short unsigned int\000"
 272      7420756E 
 272      7369676E 
 272      65642069 
 272      6E7400
 273              	.LASF0:
 274 013a 7369676E 		.ascii	"signed char\000"
 274      65642063 
 274      68617200 
 275              	.LASF12:
 276 0146 6C6F6E67 		.ascii	"long double\000"
 276      20646F75 
 276      626C6500 
 277              	.LASF17:
 278 0152 47656E65 		.ascii	"Generated_Source\\PSoC4\\SPIS_HOST_INT.c\000"
 278      72617465 
 278      645F536F 
 278      75726365 
 278      5C50536F 
 279              	.LASF13:
 280 0179 73697A65 		.ascii	"sizetype\000"
 280      74797065 
 280      00
 281              	.LASF18:
 282 0182 5C5C4D61 		.ascii	"\\\\Mac\\Data\\VScode\\GIT\\MacPro_KickStart\\PSoC4"
 282      635C4461 
 282      74615C56 
 282      53636F64 
 282      655C4749 
 283 01ae 3230304C 		.ascii	"200L.cydsn\000"
 283      2E637964 
 283      736E00
 284              		.ident	"GCC: (GNU Tools for ARM Embedded Processors) 5.4.1 20160609 (release) [ARM/embedded-5-bran
